python : 2025-12-08 
20:06:39.065 WARNING 
streamlit.runtime.scr
iptrunner_utils.scrip
t_run_context: 
Thread 'MainThread': 
missing 
ScriptRunContext! 
This warning can be 
ignored when running 
in bare mode.
In riga:1 car:1
+ python test_regulat
ion_query.py > 
test_output.txt 2>&1
+ ~~~~~~~~~~~~~~~~~~~
~~~~~~~~~~~~~~~~~~~~~
~~~~~~~~~~~~~~
    + CategoryInfo   
           : NotSpe  
  cified: (2025-12   
 -08 20:0...g in     
bare mode.:Strin    
g) [], RemoteExc    
eption
    + FullyQualified 
   ErrorId : Native  
  CommandError
 
2025-12-08 
20:06:39.654 
  [33m[1mWarning:[
0m to view this 
Streamlit app on a 
browser, run it with 
the following
  command:

    streamlit run tes
t_regulation_query.py
 [ARGUMENTS]
2025-12-08 
20:06:39.654 Thread 
'MainThread': 
missing 
ScriptRunContext! 
This warning can be 
ignored when running 
in bare mode.
2025-12-08 
20:06:39.654 Thread 
'MainThread': 
missing 
ScriptRunContext! 
This warning can be 
ignored when running 
in bare mode.
2025-12-08 
20:06:39.654 Thread 
'MainThread': 
missing 
ScriptRunContext! 
This warning can be 
ignored when running 
in bare mode.
2025-12-08 
20:06:39.714 Thread 
'MainThread': 
missing 
ScriptRunContext! 
This warning can be 
ignored when running 
in bare mode.
2025-12-08 
20:06:39.714 Thread 
'MainThread': 
missing 
ScriptRunContext! 
This warning can be 
ignored when running 
in bare mode.
2025-12-08 
20:06:39.715 Thread 
'MainThread': 
missing 
ScriptRunContext! 
This warning can be 
ignored when running 
in bare mode.
Query: 'qual Þ il passo massimo delle staffe fuori zona critica nelle ultime NTC'
Loading documents...
Loaded 927 pages/documents.
Found 5 relevant context chunks.
Asking AI...

==================================================
AI RESPONSE:
==================================================
La documentazione fornita non contiene informazioni specifiche riguardo al passo massimo delle staffe fuori dalla zona critica nelle ultime Norme Tecniche per le Costruzioni (NTC 2018).
==================================================
